// Jest Snapshot v1, https://goo.gl/fbAQLP

exports[`should render ExpenseListItem with an expense 1`] = `
<div>
  <h3>
    <Link
      replace={false}
      to="/edit/1"
    >
      house rent
    </Link>
  </h3>
  <p>
    $15,000.00
    -
    January 1st, 1970
  </p>
  <button
    onClick={[Function]}
  >
    Remove
  </button>
</div>
`;
